Change Component Designator: Old Designator=C? New Designator=C1
Change Component Designator: Old Designator=C? New Designator=C2
Change Component Designator: Old Designator=C? New Designator=C3
Change Component Designator: Old Designator=C? New Designator=C4
Change Component Designator: Old Designator=C? New Designator=C5
Change Component Designator: Old Designator=C? New Designator=C6
Change Component Designator: Old Designator=CN? New Designator=CN5
Change Component Designator: Old Designator=CN?? New Designator=CN1
Change Component Designator: Old Designator=CN?? New Designator=CN2
Change Component Designator: Old Designator=CN?? New Designator=CN3
Change Component Designator: Old Designator=CN?? New Designator=CN4
Change Component Designator: Old Designator=D? New Designator=D1
Change Component Designator: Old Designator=D? New Designator=D2
Change Component Designator: Old Designator=D? New Designator=D3
Change Component Designator: Old Designator=IN? New Designator=IN1
Change Component Designator: Old Designator=INA? New Designator=INA1
Change Component Designator: Old Designator=INA? New Designator=INA2
Change Component Designator: Old Designator=INB? New Designator=INB1
Change Component Designator: Old Designator=INB? New Designator=INB2
Change Component Designator: Old Designator=INC? New Designator=INC1
Change Component Designator: Old Designator=INC? New Designator=INC2
Change Component Designator: Old Designator=Q?? New Designator=Q1
Change Component Designator: Old Designator=R? New Designator=R1
Change Component Designator: Old Designator=R? New Designator=R2
Change Component Designator: Old Designator=R? New Designator=R3
Change Component Designator: Old Designator=R? New Designator=R4
Change Component Designator: Old Designator=R? New Designator=R5
Change Component Designator: Old Designator=R? New Designator=R6
Change Component Designator: Old Designator=R? New Designator=R7
Change Component Designator: Old Designator=R? New Designator=R8
Change Component Designator: Old Designator=R? New Designator=R9
Change Component Designator: Old Designator=R? New Designator=R10
Change Component Designator: Old Designator=R? New Designator=R11
Change Component Designator: Old Designator=U?? New Designator=U1
Change Component Designator: Old Designator=U?? New Designator=U2
Change Component Designator: Old Designator=U?? New Designator=U3
