Added Component: Designator=CN7(MX1.25_4PIN)
Add component (AddParameter): Name = "BOM_Manufacturer"; Value = "Changjiang Connectors"; VariantName = "[No Variations]"
Add component (AddParameter): Name = "BOM_Manufacturer Part"; Value = "A1257WR-S-4P"; VariantName = "[No Variations]"
Add component (AddParameter): Name = "BOM_Supplier"; Value = "LCSC"; VariantName = "[No Variations]"
Add component (AddParameter): Name = "BOM_Supplier Part"; Value = "C225127"; VariantName = "[No Variations]"
Add component (AddParameter): Name = "Contributor"; Value = "LCSC"; VariantName = "[No Variations]"
Add component (AddParameter): Name = "spicePre"; Value = "C"; VariantName = "[No Variations]"
Add component (AddParameter): Name = "spiceSymbolName"; Value = "A1257WR-S-4P"; VariantName = "[No Variations]"
Add Component: Footprint Not Found L1210
Add Component: Footprint Not Found SOT-23-3_L2.9-W1.3-P1.90-LS2.4-BR
Added Pin To Net: NetName=NetCN7_1 Pin=CN7-1
Added Pin To Net: NetName=NetCN7_2 Pin=CN7-2
Added Pin To Net: NetName=GND Pin=CN7-3
Added Pin To Net: NetName=NetCN7_4 Pin=CN7-4
Added Pin To Net: NetName=GND Pin=CN7-5
Added Pin To Net: NetName=GND Pin=CN7-6
Add Pin To Net: Unknown Pin: Pin L2-1
Add Pin To Net: Unknown Pin: Pin L2-2
Add Pin To Net: Unknown Pin: Pin Q1-1
Add Pin To Net: Unknown Pin: Pin Q1-2
Add Pin To Net: Unknown Pin: Pin Q1-3
Added Member To Class: ClassName=Sheet1 Member=Component CN7 MX1.25_4p
Add Class Member: Failed to add class member : Component L2 4.7uH ¡À20% 1.25A 130m¦¸
Add Class Member: Failed to add class member : Component Q1 YJL3401A
