Removed Pin From Net: NetName=5V Pin=C17-1
Removed Pin From Net: NetName=GND Pin=C17-2
Removed Pin From Net: NetName=3V3 Pin=C23-1
Removed Pin From Net: NetName=GND Pin=C23-2
Change Component Designator: OldDesignator=C18 NewDesignator=C17
Change Component Designator: OldDesignator=C19 NewDesignator=C18
Change Component Designator: OldDesignator=C20 NewDesignator=C19
Change Component Designator: OldDesignator=C21 NewDesignator=C20
Change Component Designator: OldDesignator=C22 NewDesignator=C21
Change Component Designator: OldDesignator=C24 NewDesignator=C22
Change Component Designator: OldDesignator=C25 NewDesignator=C23
Change Component Designator: OldDesignator=C26 NewDesignator=C24
Change Component Designator: OldDesignator=C27 NewDesignator=C25
Change Component Designator: OldDesignator=C28 NewDesignator=C26
Change Component Designator: OldDesignator=C29 NewDesignator=C27
Change Component Designator: OldDesignator=C30 NewDesignator=C28
Change Component Designator: OldDesignator=C31 NewDesignator=C29
Change Component Designator: OldDesignator=C32 NewDesignator=C30
Change Component Designator: OldDesignator=C33 NewDesignator=C31
Change Net Name : Old Net Name=NetC18_1 New Net Name=NetC17_1
Change Net Name : Old Net Name=NetC18_2 New Net Name=NetC17_2
Added Member To Class: ClassName=Sheet1 Member=Component C8 100nF
Added Member To Class: ClassName=Sheet1 Member=Component C10 100nF
Added Member To Class: ClassName=Sheet1 Member=Component C12 47uF/50V/1210
Added Member To Class: ClassName=Sheet1 Member=Component C14 1uF/50V/0805
Added Member To Class: ClassName=Sheet1 Member=Component C16 100nF/50V/0603
Added Member To Class: ClassName=Sheet1 Member=Component C19 47uF/50V/1210
Added Member To Class: ClassName=Sheet1 Member=Component C20 100nF/50V/1210
Added Member To Class: ClassName=Sheet1 Member=Component C21 100nF/50V/0603
Added Member To Class: ClassName=Sheet1 Member=Component C22 10uF/16V/0805
Added Member To Class: ClassName=Sheet1 Member=Component C24 1uF/50V/0805
Added Member To Class: ClassName=Sheet1 Member=Component C26 47uF/50V/1210
Added Member To Class: ClassName=Sheet1 Member=Component C28 0.1uF/0603
Added Member To Class: ClassName=Sheet1 Member=Component C30 47pF/0603
Added Room: Name=Sheet1
