Added Component: Designator=C1(C 0603_L)
Added Component: Designator=C2(C 0603_L)
Added Component: Designator=C3(C 0603_L)
Added Component: Designator=C4(C 0603_L)
Added Component: Designator=C5(C 0603_L)
Added Component: Designator=C6(C 0603_L)
Added Component: Designator=C7(C 0603_L)
Added Component: Designator=C8(C 0603_L)
Added Component: Designator=C9(C 0603_L)
Added Component: Designator=C10(C 0603_L)
Added Component: Designator=C11(C 0603_L)
Added Component: Designator=C12(C 0603_L)
Added Component: Designator=C13(C 1210_L)
Added Component: Designator=C14(C 1210_L)
Added Component: Designator=C15(C 0805_L)
Added Component: Designator=C16(C 0805_L)
Added Component: Designator=C17(C 0603_L)
Added Component: Designator=C18(C 0603_L)
Added Component: Designator=C19(C 1210_L)
Added Component: Designator=C20(C 1210_L)
Added Component: Designator=C21(C 0603_L)
Added Component: Designator=C22(C 0603_L)
Added Component: Designator=C23(C 0603_L)
Added Component: Designator=C24(C 0603_L)
Added Component: Designator=C25(C 0603_L)
Added Component: Designator=C26(C 0603_L)
Added Component: Designator=C27(CAP-SMD_L3.2-W1.6-RD)
Add component (AddParameter): Name = "BOM_JLCPCB Part Class"; Value = "Extended Part"; VariantName = "[No Variations]"
Add component (AddParameter): Name = "BOM_Manufacturer"; Value = "AVX"; VariantName = "[No Variations]"
Add component (AddParameter): Name = "BOM_Manufacturer Part"; Value = "TAJA475K025RNJ"; VariantName = "[No Variations]"
Add component (AddParameter): Name = "BOM_Supplier"; Value = "LCSC"; VariantName = "[No Variations]"
Add component (AddParameter): Name = "BOM_Supplier Part"; Value = "C7189"; VariantName = "[No Variations]"
Add component (AddParameter): Name = "nameAlias"; Value = "Capacitance"; VariantName = "[No Variations]"
Add component (AddParameter): Name = "spicePre"; Value = "C"; VariantName = "[No Variations]"
Add component (AddParameter): Name = "spiceSymbolName"; Value = "TAJA475K025RNJ"; VariantName = "[No Variations]"
Added Component: Designator=C28(C 0805_L)
Added Component: Designator=C29(C 0603_L)
Added Component: Designator=C30(CAP-SMD_L3.2-W1.6-RD)
Add component (AddParameter): Name = "BOM_JLCPCB Part Class"; Value = "Extended Part"; VariantName = "[No Variations]"
Add component (AddParameter): Name = "BOM_Manufacturer"; Value = "AVX"; VariantName = "[No Variations]"
Add component (AddParameter): Name = "BOM_Manufacturer Part"; Value = "TAJA475K025RNJ"; VariantName = "[No Variations]"
Add component (AddParameter): Name = "BOM_Supplier"; Value = "LCSC"; VariantName = "[No Variations]"
Add component (AddParameter): Name = "BOM_Supplier Part"; Value = "C7189"; VariantName = "[No Variations]"
Add component (AddParameter): Name = "nameAlias"; Value = "Capacitance"; VariantName = "[No Variations]"
Add component (AddParameter): Name = "spicePre"; Value = "C"; VariantName = "[No Variations]"
Add component (AddParameter): Name = "spiceSymbolName"; Value = "TAJA475K025RNJ"; VariantName = "[No Variations]"
Added Component: Designator=C31(C 0805_L)
Added Component: Designator=C32(C 0603_L)
Added Component: Designator=C33(C 0603_L)
Added Component: Designator=C34(C 0603_L)
Added Component: Designator=C35(C 0603_L)
Added Component: Designator=CN1(GH1.25 4P-WT)
Add component (AddParameter): Name = "BOM_Manufacturer"; Value = "Changjiang Connectors"; VariantName = "[No Variations]"
Add component (AddParameter): Name = "BOM_Manufacturer Part"; Value = "A1257WR-S-4P"; VariantName = "[No Variations]"
Add component (AddParameter): Name = "BOM_Supplier"; Value = "LCSC"; VariantName = "[No Variations]"
Add component (AddParameter): Name = "BOM_Supplier Part"; Value = "C225127"; VariantName = "[No Variations]"
Add component (AddParameter): Name = "Contributor"; Value = "LCSC"; VariantName = "[No Variations]"
Add component (AddParameter): Name = "spicePre"; Value = "C"; VariantName = "[No Variations]"
Add component (AddParameter): Name = "spiceSymbolName"; Value = "A1257WR-S-4P"; VariantName = "[No Variations]"
Added Component: Designator=CN2(GH1.25 4P-WT)
Add component (AddParameter): Name = "BOM_Manufacturer"; Value = "Changjiang Connectors"; VariantName = "[No Variations]"
Add component (AddParameter): Name = "BOM_Manufacturer Part"; Value = "A1257WR-S-4P"; VariantName = "[No Variations]"
Add component (AddParameter): Name = "BOM_Supplier"; Value = "LCSC"; VariantName = "[No Variations]"
Add component (AddParameter): Name = "BOM_Supplier Part"; Value = "C225127"; VariantName = "[No Variations]"
Add component (AddParameter): Name = "Contributor"; Value = "LCSC"; VariantName = "[No Variations]"
Add component (AddParameter): Name = "spicePre"; Value = "C"; VariantName = "[No Variations]"
Add component (AddParameter): Name = "spiceSymbolName"; Value = "A1257WR-S-4P"; VariantName = "[No Variations]"
Added Component: Designator=CN3(GH1.25 4P-WT)
Add component (AddParameter): Name = "BOM_Manufacturer"; Value = "Changjiang Connectors"; VariantName = "[No Variations]"
Add component (AddParameter): Name = "BOM_Manufacturer Part"; Value = "A1257WR-S-4P"; VariantName = "[No Variations]"
Add component (AddParameter): Name = "BOM_Supplier"; Value = "LCSC"; VariantName = "[No Variations]"
Add component (AddParameter): Name = "BOM_Supplier Part"; Value = "C225127"; VariantName = "[No Variations]"
Add component (AddParameter): Name = "Contributor"; Value = "LCSC"; VariantName = "[No Variations]"
Add component (AddParameter): Name = "spicePre"; Value = "C"; VariantName = "[No Variations]"
Add component (AddParameter): Name = "spiceSymbolName"; Value = "A1257WR-S-4P"; VariantName = "[No Variations]"
Added Component: Designator=CN4(GH1.25 4P-WT)
Add component (AddParameter): Name = "BOM_Manufacturer"; Value = "Changjiang Connectors"; VariantName = "[No Variations]"
Add component (AddParameter): Name = "BOM_Manufacturer Part"; Value = "A1257WR-S-4P"; VariantName = "[No Variations]"
Add component (AddParameter): Name = "BOM_Supplier"; Value = "LCSC"; VariantName = "[No Variations]"
Add component (AddParameter): Name = "BOM_Supplier Part"; Value = "C225127"; VariantName = "[No Variations]"
Add component (AddParameter): Name = "Contributor"; Value = "LCSC"; VariantName = "[No Variations]"
Add component (AddParameter): Name = "spicePre"; Value = "C"; VariantName = "[No Variations]"
Add component (AddParameter): Name = "spiceSymbolName"; Value = "A1257WR-S-4P"; VariantName = "[No Variations]"
Added Component: Designator=CN5(GH1.25 4P-WT)
Add component (AddParameter): Name = "BOM_Manufacturer"; Value = "Changjiang Connectors"; VariantName = "[No Variations]"
Add component (AddParameter): Name = "BOM_Manufacturer Part"; Value = "A1257WR-S-4P"; VariantName = "[No Variations]"
Add component (AddParameter): Name = "BOM_Supplier"; Value = "LCSC"; VariantName = "[No Variations]"
Add component (AddParameter): Name = "BOM_Supplier Part"; Value = "C225127"; VariantName = "[No Variations]"
Add component (AddParameter): Name = "Contributor"; Value = "LCSC"; VariantName = "[No Variations]"
Add component (AddParameter): Name = "spicePre"; Value = "C"; VariantName = "[No Variations]"
Add component (AddParameter): Name = "spiceSymbolName"; Value = "A1257WR-S-4P"; VariantName = "[No Variations]"
Added Component: Designator=CN6(GH1.25-2P-LT)
Add component (AddParameter): Name = "BOM_Manufacturer"; Value = "Changjiang Connectors"; VariantName = "[No Variations]"
Add component (AddParameter): Name = "BOM_Manufacturer Part"; Value = "A1257WR-S-2P"; VariantName = "[No Variations]"
Add component (AddParameter): Name = "BOM_Supplier"; Value = "LCSC"; VariantName = "[No Variations]"
Add component (AddParameter): Name = "BOM_Supplier Part"; Value = "C225125"; VariantName = "[No Variations]"
Add component (AddParameter): Name = "Contributor"; Value = "LCSC"; VariantName = "[No Variations]"
Add component (AddParameter): Name = "spicePre"; Value = "C"; VariantName = "[No Variations]"
Add component (AddParameter): Name = "spiceSymbolName"; Value = "A1257WR-S-2P"; VariantName = "[No Variations]"
Add Component: Footprint Not Found MX1.25-4P
Added Component: Designator=D1(SOD-323)
Added Component: Designator=D2(SOD-323)
Added Component: Designator=D3(SOD-323)
Added Component: Designator=D4(SOD-323)
Added Component: Designator=D5(SOD-523)
Add component (AddParameter): Name = "BOM_JLCPCB Part Class"; Value = "Extended Part"; VariantName = "[No Variations]"
Add component (AddParameter): Name = "BOM_Manufacturer"; Value = "MDD"; VariantName = "[No Variations]"
Add component (AddParameter): Name = "BOM_Manufacturer Part"; Value = "SMF6.5A"; VariantName = "[No Variations]"
Add component (AddParameter): Name = "BOM_Supplier"; Value = "LCSC"; VariantName = "[No Variations]"
Add component (AddParameter): Name = "BOM_Supplier Part"; Value = "C123792"; VariantName = "[No Variations]"
Add component (AddParameter): Name = "Contributor"; Value = "LCSC"; VariantName = "[No Variations]"
Add component (AddParameter): Name = "spicePre"; Value = "D"; VariantName = "[No Variations]"
Add component (AddParameter): Name = "spiceSymbolName"; Value = "SMF6.5A"; VariantName = "[No Variations]"
Added Component: Designator=D6(SOD-523)
Add component (AddParameter): Name = "BOM_JLCPCB Part Class"; Value = "Extended Part"; VariantName = "[No Variations]"
Add component (AddParameter): Name = "BOM_Manufacturer"; Value = "MDD"; VariantName = "[No Variations]"
Add component (AddParameter): Name = "BOM_Manufacturer Part"; Value = "SMF6.5A"; VariantName = "[No Variations]"
Add component (AddParameter): Name = "BOM_Supplier"; Value = "LCSC"; VariantName = "[No Variations]"
Add component (AddParameter): Name = "BOM_Supplier Part"; Value = "C123792"; VariantName = "[No Variations]"
Add component (AddParameter): Name = "Contributor"; Value = "LCSC"; VariantName = "[No Variations]"
Add component (AddParameter): Name = "spicePre"; Value = "D"; VariantName = "[No Variations]"
Add component (AddParameter): Name = "spiceSymbolName"; Value = "SMF6.5A"; VariantName = "[No Variations]"
Added Component: Designator=D7(SOD-523)
Add component (AddParameter): Name = "BOM_JLCPCB Part Class"; Value = "Extended Part"; VariantName = "[No Variations]"
Add component (AddParameter): Name = "BOM_Manufacturer"; Value = "MDD"; VariantName = "[No Variations]"
Add component (AddParameter): Name = "BOM_Manufacturer Part"; Value = "SMF6.5A"; VariantName = "[No Variations]"
Add component (AddParameter): Name = "BOM_Supplier"; Value = "LCSC"; VariantName = "[No Variations]"
Add component (AddParameter): Name = "BOM_Supplier Part"; Value = "C123792"; VariantName = "[No Variations]"
Add component (AddParameter): Name = "Contributor"; Value = "LCSC"; VariantName = "[No Variations]"
Add component (AddParameter): Name = "spicePre"; Value = "D"; VariantName = "[No Variations]"
Add component (AddParameter): Name = "spiceSymbolName"; Value = "SMF6.5A"; VariantName = "[No Variations]"
Added Component: Designator=D8(SOD-523)
Add component (AddParameter): Name = "BOM_JLCPCB Part Class"; Value = "Extended Part"; VariantName = "[No Variations]"
Add component (AddParameter): Name = "BOM_Manufacturer"; Value = "MDD"; VariantName = "[No Variations]"
Add component (AddParameter): Name = "BOM_Manufacturer Part"; Value = "SMF6.5A"; VariantName = "[No Variations]"
Add component (AddParameter): Name = "BOM_Supplier"; Value = "LCSC"; VariantName = "[No Variations]"
Add component (AddParameter): Name = "BOM_Supplier Part"; Value = "C123792"; VariantName = "[No Variations]"
Add component (AddParameter): Name = "Contributor"; Value = "LCSC"; VariantName = "[No Variations]"
Add component (AddParameter): Name = "spicePre"; Value = "D"; VariantName = "[No Variations]"
Add component (AddParameter): Name = "spiceSymbolName"; Value = "SMF6.5A"; VariantName = "[No Variations]"
Added Component: Designator=D9(SOD-523)
Add component (AddParameter): Name = "BOM_JLCPCB Part Class"; Value = "Extended Part"; VariantName = "[No Variations]"
Add component (AddParameter): Name = "BOM_Manufacturer"; Value = "MDD"; VariantName = "[No Variations]"
Add component (AddParameter): Name = "BOM_Manufacturer Part"; Value = "SMF6.5A"; VariantName = "[No Variations]"
Add component (AddParameter): Name = "BOM_Supplier"; Value = "LCSC"; VariantName = "[No Variations]"
Add component (AddParameter): Name = "BOM_Supplier Part"; Value = "C123792"; VariantName = "[No Variations]"
Add component (AddParameter): Name = "Contributor"; Value = "LCSC"; VariantName = "[No Variations]"
Add component (AddParameter): Name = "spicePre"; Value = "D"; VariantName = "[No Variations]"
Add component (AddParameter): Name = "spiceSymbolName"; Value = "SMF6.5A"; VariantName = "[No Variations]"
Added Component: Designator=D10(SOD-523)
Add component (AddParameter): Name = "BOM_JLCPCB Part Class"; Value = "Extended Part"; VariantName = "[No Variations]"
Add component (AddParameter): Name = "BOM_Manufacturer"; Value = "MDD"; VariantName = "[No Variations]"
Add component (AddParameter): Name = "BOM_Manufacturer Part"; Value = "SMF6.5A"; VariantName = "[No Variations]"
Add component (AddParameter): Name = "BOM_Supplier"; Value = "LCSC"; VariantName = "[No Variations]"
Add component (AddParameter): Name = "BOM_Supplier Part"; Value = "C123792"; VariantName = "[No Variations]"
Add component (AddParameter): Name = "Contributor"; Value = "LCSC"; VariantName = "[No Variations]"
Add component (AddParameter): Name = "spicePre"; Value = "D"; VariantName = "[No Variations]"
Add component (AddParameter): Name = "spiceSymbolName"; Value = "SMF6.5A"; VariantName = "[No Variations]"
Added Component: Designator=D11(SOD-323)
Added Component: Designator=D12(SOD-323)
Added Component: Designator=D13(SOD-323)
Added Component: Designator=D14(SOD-523)
Add component (AddParameter): Name = "BOM_JLCPCB Part Class"; Value = "Extended Part"; VariantName = "[No Variations]"
Add component (AddParameter): Name = "BOM_Manufacturer"; Value = "MDD"; VariantName = "[No Variations]"
Add component (AddParameter): Name = "BOM_Manufacturer Part"; Value = "SMF6.5A"; VariantName = "[No Variations]"
Add component (AddParameter): Name = "BOM_Supplier"; Value = "LCSC"; VariantName = "[No Variations]"
Add component (AddParameter): Name = "BOM_Supplier Part"; Value = "C123792"; VariantName = "[No Variations]"
Add component (AddParameter): Name = "Contributor"; Value = "LCSC"; VariantName = "[No Variations]"
Add component (AddParameter): Name = "spicePre"; Value = "D"; VariantName = "[No Variations]"
Add component (AddParameter): Name = "spiceSymbolName"; Value = "SMF6.5A"; VariantName = "[No Variations]"
Added Component: Designator=D15(SOD-523)
Add component (AddParameter): Name = "BOM_JLCPCB Part Class"; Value = "Extended Part"; VariantName = "[No Variations]"
Add component (AddParameter): Name = "BOM_Manufacturer"; Value = "MDD"; VariantName = "[No Variations]"
Add component (AddParameter): Name = "BOM_Manufacturer Part"; Value = "SMF6.5A"; VariantName = "[No Variations]"
Add component (AddParameter): Name = "BOM_Supplier"; Value = "LCSC"; VariantName = "[No Variations]"
Add component (AddParameter): Name = "BOM_Supplier Part"; Value = "C123792"; VariantName = "[No Variations]"
Add component (AddParameter): Name = "Contributor"; Value = "LCSC"; VariantName = "[No Variations]"
Add component (AddParameter): Name = "spicePre"; Value = "D"; VariantName = "[No Variations]"
Add component (AddParameter): Name = "spiceSymbolName"; Value = "SMF6.5A"; VariantName = "[No Variations]"
Added Component: Designator=D16(SOD-523)
Add component (AddParameter): Name = "BOM_JLCPCB Part Class"; Value = "Extended Part"; VariantName = "[No Variations]"
Add component (AddParameter): Name = "BOM_Manufacturer"; Value = "MDD"; VariantName = "[No Variations]"
Add component (AddParameter): Name = "BOM_Manufacturer Part"; Value = "SMF6.5A"; VariantName = "[No Variations]"
Add component (AddParameter): Name = "BOM_Supplier"; Value = "LCSC"; VariantName = "[No Variations]"
Add component (AddParameter): Name = "BOM_Supplier Part"; Value = "C123792"; VariantName = "[No Variations]"
Add component (AddParameter): Name = "Contributor"; Value = "LCSC"; VariantName = "[No Variations]"
Add component (AddParameter): Name = "spicePre"; Value = "D"; VariantName = "[No Variations]"
Add component (AddParameter): Name = "spiceSymbolName"; Value = "SMF6.5A"; VariantName = "[No Variations]"
Added Component: Designator=D17(SOD-523)
Add component (AddParameter): Name = "BOM_JLCPCB Part Class"; Value = "Extended Part"; VariantName = "[No Variations]"
Add component (AddParameter): Name = "BOM_Manufacturer"; Value = "MDD"; VariantName = "[No Variations]"
Add component (AddParameter): Name = "BOM_Manufacturer Part"; Value = "SMF6.5A"; VariantName = "[No Variations]"
Add component (AddParameter): Name = "BOM_Supplier"; Value = "LCSC"; VariantName = "[No Variations]"
Add component (AddParameter): Name = "BOM_Supplier Part"; Value = "C123792"; VariantName = "[No Variations]"
Add component (AddParameter): Name = "Contributor"; Value = "LCSC"; VariantName = "[No Variations]"
Add component (AddParameter): Name = "spicePre"; Value = "D"; VariantName = "[No Variations]"
Add component (AddParameter): Name = "spiceSymbolName"; Value = "SMF6.5A"; VariantName = "[No Variations]"
Added Component: Designator=D18(SOD-523)
Add component (AddParameter): Name = "BOM_JLCPCB Part Class"; Value = "Extended Part"; VariantName = "[No Variations]"
Add component (AddParameter): Name = "BOM_Manufacturer"; Value = "MDD"; VariantName = "[No Variations]"
Add component (AddParameter): Name = "BOM_Manufacturer Part"; Value = "SMF6.5A"; VariantName = "[No Variations]"
Add component (AddParameter): Name = "BOM_Supplier"; Value = "LCSC"; VariantName = "[No Variations]"
Add component (AddParameter): Name = "BOM_Supplier Part"; Value = "C123792"; VariantName = "[No Variations]"
Add component (AddParameter): Name = "Contributor"; Value = "LCSC"; VariantName = "[No Variations]"
Add component (AddParameter): Name = "spicePre"; Value = "D"; VariantName = "[No Variations]"
Add component (AddParameter): Name = "spiceSymbolName"; Value = "SMF6.5A"; VariantName = "[No Variations]"
Added Component: Designator=D19(SOD-523)
Add component (AddParameter): Name = "BOM_JLCPCB Part Class"; Value = "Extended Part"; VariantName = "[No Variations]"
Add component (AddParameter): Name = "BOM_Manufacturer"; Value = "MDD"; VariantName = "[No Variations]"
Add component (AddParameter): Name = "BOM_Manufacturer Part"; Value = "SMF6.5A"; VariantName = "[No Variations]"
Add component (AddParameter): Name = "BOM_Supplier"; Value = "LCSC"; VariantName = "[No Variations]"
Add component (AddParameter): Name = "BOM_Supplier Part"; Value = "C123792"; VariantName = "[No Variations]"
Add component (AddParameter): Name = "Contributor"; Value = "LCSC"; VariantName = "[No Variations]"
Add component (AddParameter): Name = "spicePre"; Value = "D"; VariantName = "[No Variations]"
Add component (AddParameter): Name = "spiceSymbolName"; Value = "SMF6.5A"; VariantName = "[No Variations]"
Added Component: Designator=D20(SOD-523)
Add component (AddParameter): Name = "BOM_JLCPCB Part Class"; Value = "Extended Part"; VariantName = "[No Variations]"
Add component (AddParameter): Name = "BOM_Manufacturer"; Value = "MDD"; VariantName = "[No Variations]"
Add component (AddParameter): Name = "BOM_Manufacturer Part"; Value = "SMF6.5A"; VariantName = "[No Variations]"
Add component (AddParameter): Name = "BOM_Supplier"; Value = "LCSC"; VariantName = "[No Variations]"
Add component (AddParameter): Name = "BOM_Supplier Part"; Value = "C123792"; VariantName = "[No Variations]"
Add component (AddParameter): Name = "Contributor"; Value = "LCSC"; VariantName = "[No Variations]"
Add component (AddParameter): Name = "spicePre"; Value = "D"; VariantName = "[No Variations]"
Add component (AddParameter): Name = "spiceSymbolName"; Value = "SMF6.5A"; VariantName = "[No Variations]"
Added Component: Designator=D21(SOD-523)
Add component (AddParameter): Name = "BOM_JLCPCB Part Class"; Value = "Extended Part"; VariantName = "[No Variations]"
Add component (AddParameter): Name = "BOM_Manufacturer"; Value = "MDD"; VariantName = "[No Variations]"
Add component (AddParameter): Name = "BOM_Manufacturer Part"; Value = "SMF6.5A"; VariantName = "[No Variations]"
Add component (AddParameter): Name = "BOM_Supplier"; Value = "LCSC"; VariantName = "[No Variations]"
Add component (AddParameter): Name = "BOM_Supplier Part"; Value = "C123792"; VariantName = "[No Variations]"
Add component (AddParameter): Name = "Contributor"; Value = "LCSC"; VariantName = "[No Variations]"
Add component (AddParameter): Name = "spicePre"; Value = "D"; VariantName = "[No Variations]"
Add component (AddParameter): Name = "spiceSymbolName"; Value = "SMF6.5A"; VariantName = "[No Variations]"
Added Component: Designator=D22(SOD-323)
Added Component: Designator=D23(LED_0603)
Added Component: Designator=D24(LED_0603)
Added Component: Designator=D25(LED_0603)
Added Component: Designator=E1(CE-SMD 6*6mm)
Add component (AddParameter): Name = "BOM名称"; Value = "贴片电解电容"; VariantName = "[No Variations]"
Added Component: Designator=L1(C 0603_L)
Add component (AddParameter): Name = "BOM_Manufacturer"; Value = "Sunlord"; VariantName = "[No Variations]"
Add component (AddParameter): Name = "BOM_Manufacturer Part"; Value = "UPZ1608U471-1R5TF"; VariantName = "[No Variations]"
Add component (AddParameter): Name = "BOM_Supplier"; Value = "LCSC"; VariantName = "[No Variations]"
Add component (AddParameter): Name = "BOM_Supplier Part"; Value = "C74335"; VariantName = "[No Variations]"
Add component (AddParameter): Name = "nameAlias"; Value = "Value"; VariantName = "[No Variations]"
Add component (AddParameter): Name = "spicePre"; Value = "L"; VariantName = "[No Variations]"
Add component (AddParameter): Name = "spiceSymbolName"; Value = "UPZ1608U471-1R5TF"; VariantName = "[No Variations]"
Add Component: Footprint Not Found L1210
Added Component: Designator=P1(PAD_VCC)
Added Component: Designator=P2(PAD_VCC)
Add Component: Footprint Not Found SOT-23-3_L2.9-W1.3-P1.90-LS2.4-BR
Added Component: Designator=R1(R 0603_S)
Added Component: Designator=R2(R 0603_S)
Added Component: Designator=R3(R 0603_S)
Added Component: Designator=R4(R 0603_S)
Added Component: Designator=R5(R 0603_S)
Added Component: Designator=R6(R 0603_S)
Added Component: Designator=R7(R 0603_S)
Added Component: Designator=R8(R 0603_S)
Added Component: Designator=R9(R 0603_S)
Added Component: Designator=R10(R 0603_S)
Added Component: Designator=R11(R 0603_S)
Added Component: Designator=R12(R 0603_S)
Added Component: Designator=R13(R 0603_S)
Added Component: Designator=R14(R 0603_S)
Added Component: Designator=R15(R 0603_S)
Added Component: Designator=R16(R 0603_S)
Added Component: Designator=R17(R 0603_S)
Added Component: Designator=R18(R 0603_S)
Added Component: Designator=R19(R 0603_S)
Added Component: Designator=R20(R 0603_S)
Added Component: Designator=R21(R 0603_S)
Added Component: Designator=R22(R 0603_S)
Added Component: Designator=R23(R 0603_S)
Added Component: Designator=R24(R 0603_S)
Added Component: Designator=R25(R 0603_S)
Added Component: Designator=R26(R 0603_S)
Added Component: Designator=R27(R 0603_S)
Added Component: Designator=R28(R 0603_L)
Added Component: Designator=R29(R 0603_S)
Added Component: Designator=R30(R 0603_S)
Added Component: Designator=R31(R 0603_S)
Added Component: Designator=R32(R 0603_S)
Added Component: Designator=R33(R 0603_S)
Added Component: Designator=R34(R 0603_S)
Added Component: Designator=R35(R 0603_S)
Added Component: Designator=R36(R 0603_S)
Added Component: Designator=S1(KEY-4.2*3.25)
Added Component: Designator=S2(KCD11_2PIN)
Add component (AddParameter): Name = "BOM名称"; Value = "1路单刀船型开关"; VariantName = "[No Variations]"
Added Component: Designator=U1(LQFP-64_L10.0-W10.0-P0.50-LS12.0-BL)
Add component (AddParameter): Name = "ADC (Bit)"; Value = "12bit"; VariantName = "[No Variations]"
Add component (AddParameter): Name = "Add into BOM"; Value = "yes"; VariantName = "[No Variations]"
Add component (AddParameter): Name = "CCP Capture/Compare"; Value = "-"; VariantName = "[No Variations]"
Add component (AddParameter): Name = "communication protocol"; Value = "-"; VariantName = "[No Variations]"
Add component (AddParameter): Name = "Convert to PCB"; Value = "yes"; VariantName = "[No Variations]"
Add component (AddParameter): Name = "CPU Core"; Value = "ARM Cortex-M3"; VariantName = "[No Variations]"
Add component (AddParameter): Name = "CPU Maximum Speed"; Value = "72MHz"; VariantName = "[No Variations]"
Add component (AddParameter): Name = "DAC (Bit)"; Value = "12bit"; VariantName = "[No Variations]"
Add component (AddParameter): Name = "Datasheet"; Value = "https://atta.szlcsc.com/upload/public/pdf/source/20161130/1480498797345.pdf"; VariantName = "[No Variations]"
Add component (AddParameter): Name = "Device"; Value = "STM32F103RCT6"; VariantName = "[No Variations]"
Add component (AddParameter): Name = "Direct Memory Access"; Value = "-"; VariantName = "[No Variations]"
Add component (AddParameter): Name = "EEPROM"; Value = "256KB"; VariantName = "[No Variations]"
Add component (AddParameter): Name = "GPIO Ports Number"; Value = "51"; VariantName = "[No Variations]"
Add component (AddParameter): Name = "Infrared Data Association"; Value = "-"; VariantName = "[No Variations]"
Add component (AddParameter): Name = "Internal Comparator"; Value = "-"; VariantName = "[No Variations]"
Add component (AddParameter): Name = "Internal Oscillator"; Value = "有"; VariantName = "[No Variations]"
Add component (AddParameter): Name = "JLCPCB Part Class"; Value = "Extended Part"; VariantName = "[No Variations]"
Add component (AddParameter): Name = "LCSC Part Name"; Value = "ARM Cortex-M3 72MHz"; VariantName = "[No Variations]"
Add component (AddParameter): Name = "Low-Voltage Detect"; Value = "-"; VariantName = "[No Variations]"
Add component (AddParameter): Name = "Manufacturer"; Value = "ST(意法半导体)"; VariantName = "[No Variations]"
Add component (AddParameter): Name = "Manufacturer Part"; Value = "STM32F103RCT6"; VariantName = "[No Variations]"
Add component (AddParameter): Name = "Name"; Value = "STM32F103RCT6"; VariantName = "[No Variations]"
Add component (AddParameter): Name = "Operating Temperature Range"; Value = "-40℃~+85℃"; VariantName = "[No Variations]"
Add component (AddParameter): Name = "Operating Voltage Range"; Value = "2V~3.6V"; VariantName = "[No Variations]"
Add component (AddParameter): Name = "Peripheral/Function"; Value = "DMA；看门狗；片载温度传感器；PWM"; VariantName = "[No Variations]"
Add component (AddParameter): Name = "Program Memory Type"; Value = "FLASH"; VariantName = "[No Variations]"
Add component (AddParameter): Name = "Program Storage Size"; Value = "256KB"; VariantName = "[No Variations]"
Add component (AddParameter): Name = "PWM (Bit)"; Value = "-"; VariantName = "[No Variations]"
Add component (AddParameter): Name = "RAM Size"; Value = "48KB"; VariantName = "[No Variations]"
Add component (AddParameter): Name = "Real-Time Clock"; Value = "-"; VariantName = "[No Variations]"
Add component (AddParameter): Name = "Secure Digital Input and Output"; Value = "-"; VariantName = "[No Variations]"
Add component (AddParameter): Name = "Supplier"; Value = "LCSC"; VariantName = "[No Variations]"
Add component (AddParameter): Name = "Supplier Footprint"; Value = "LQFP-64(10x10)"; VariantName = "[No Variations]"
Add component (AddParameter): Name = "Supplier Part"; Value = "C8323"; VariantName = "[No Variations]"
Add component (AddParameter): Name = "Symbol"; Value = "STM32F103RCT6"; VariantName = "[No Variations]"
Add component (AddParameter): Name = "Universal Serial Bus"; Value = "-"; VariantName = "[No Variations]"
Add component (AddParameter): Name = "Watchdog"; Value = "-"; VariantName = "[No Variations]"
Added Component: Designator=U2(TSOT-23-8_L2.9-W1.6-P0.65-LS2.8-BR)
Add component (AddParameter): Name = "Add into BOM"; Value = "yes"; VariantName = "[No Variations]"
Add component (AddParameter): Name = "Convert to PCB"; Value = "yes"; VariantName = "[No Variations]"
Add component (AddParameter): Name = "Datasheet"; Value = "https://atta.szlcsc.com/upload/public/pdf/source/20170308/1488958431714.pdf"; VariantName = "[No Variations]"
Add component (AddParameter): Name = "Device"; Value = "SY8303AIC"; VariantName = "[No Variations]"
Add component (AddParameter): Name = "Function"; Value = "降压型"; VariantName = "[No Variations]"
Add component (AddParameter): Name = "Input Voltage"; Value = "-"; VariantName = "[No Variations]"
Add component (AddParameter): Name = "JLCPCB Part Class"; Value = "Extended Part"; VariantName = "[No Variations]"
Add component (AddParameter): Name = "LCSC Part Name"; Value = "降压型"; VariantName = "[No Variations]"
Add component (AddParameter): Name = "Manufacturer"; Value = "矽力杰silergy"; VariantName = "[No Variations]"
Add component (AddParameter): Name = "Manufacturer Part"; Value = "SY8303AIC"; VariantName = "[No Variations]"
Add component (AddParameter): Name = "Name"; Value = "SY8303AIC"; VariantName = "[No Variations]"
Add component (AddParameter): Name = "Number of Outputs"; Value = "-"; VariantName = "[No Variations]"
Add component (AddParameter): Name = "Output Current (Max)"; Value = "-"; VariantName = "[No Variations]"
Add component (AddParameter): Name = "Supplier"; Value = "LCSC"; VariantName = "[No Variations]"
Add component (AddParameter): Name = "Supplier Footprint"; Value = "TSOT-23-8"; VariantName = "[No Variations]"
Add component (AddParameter): Name = "Supplier Part"; Value = "C97054"; VariantName = "[No Variations]"
Add component (AddParameter): Name = "Switching Frequency"; Value = "-"; VariantName = "[No Variations]"
Add component (AddParameter): Name = "Symbol"; Value = "SY8303AIC"; VariantName = "[No Variations]"
Add component (AddParameter): Name = "Synchronous Rectification"; Value = "-"; VariantName = "[No Variations]"
Add component (AddParameter): Name = "Topology"; Value = "-"; VariantName = "[No Variations]"
Added Component: Designator=U3(SOT23-5N)
Add component (AddParameter): Name = "BOM_JLCPCB SMD"; Value = "Yes"; VariantName = "[No Variations]"
Add component (AddParameter): Name = "BOM_Manufacturer"; Value = "TI"; VariantName = "[No Variations]"
Add component (AddParameter): Name = "BOM_Manufacturer Part"; Value = "LP5907QMFX-3.3Q1"; VariantName = "[No Variations]"
Add component (AddParameter): Name = "BOM_Supplier"; Value = "LCSC"; VariantName = "[No Variations]"
Add component (AddParameter): Name = "BOM_Supplier Part"; Value = "C130005"; VariantName = "[No Variations]"
Add component (AddParameter): Name = "Contributor"; Value = "LCSC"; VariantName = "[No Variations]"
Add component (AddParameter): Name = "SMT Type"; Value = "Extend"; VariantName = "[No Variations]"
Add component (AddParameter): Name = "spicePre"; Value = "U"; VariantName = "[No Variations]"
Add component (AddParameter): Name = "spiceSymbolName"; Value = "LP5907QMFX-3.3Q1"; VariantName = "[No Variations]"
Added Component: Designator=U4(SOP8_L)
Add component (AddParameter): Name = "BOM_JLCPCB Part Class"; Value = "Extended Part"; VariantName = "[No Variations]"
Add component (AddParameter): Name = "BOM_Manufacturer"; Value = "NXP"; VariantName = "[No Variations]"
Add component (AddParameter): Name = "BOM_Manufacturer Part"; Value = "TJA1051T/3/1J"; VariantName = "[No Variations]"
Add component (AddParameter): Name = "BOM_Supplier"; Value = "LCSC"; VariantName = "[No Variations]"
Add component (AddParameter): Name = "BOM_Supplier Part"; Value = "C38695"; VariantName = "[No Variations]"
Add component (AddParameter): Name = "spicePre"; Value = "U"; VariantName = "[No Variations]"
Add component (AddParameter): Name = "spiceSymbolName"; Value = "TJA1051T/3/1J"; VariantName = "[No Variations]"
Added Component: Designator=X1(OSC 3225-4P)
Add component (AddParameter): Name = "BOM_Manufacturer"; Value = "Yangxing Tech"; VariantName = "[No Variations]"
Add component (AddParameter): Name = "BOM_Manufacturer Part"; Value = "OP322512MEDA4SI-u"; VariantName = "[No Variations]"
Add component (AddParameter): Name = "BOM_Supplier"; Value = "LCSC"; VariantName = "[No Variations]"
Add component (AddParameter): Name = "BOM_Supplier Part"; Value = "C382483"; VariantName = "[No Variations]"
Add component (AddParameter): Name = "Contributor"; Value = "LCSC"; VariantName = "[No Variations]"
Add component (AddParameter): Name = "nameAlias"; Value = "Frequency"; VariantName = "[No Variations]"
Add component (AddParameter): Name = "spicePre"; Value = "X"; VariantName = "[No Variations]"
Add component (AddParameter): Name = "spiceSymbolName"; Value = "OP322512MEDA4SI-U"; VariantName = "[No Variations]"
Added Pin To Net: NetName=3V3 Pin=C1-2
Added Pin To Net: NetName=3V3 Pin=C3-2
Added Pin To Net: NetName=3V3 Pin=C5-1
Added Pin To Net: NetName=3V3 Pin=C6-1
Added Pin To Net: NetName=3V3 Pin=C7-1
Added Pin To Net: NetName=3V3 Pin=C8-1
Added Pin To Net: NetName=3V3 Pin=C9-1
Added Pin To Net: NetName=3V3 Pin=C10-1
Added Pin To Net: NetName=3V3 Pin=C11-1
Added Pin To Net: NetName=3V3 Pin=C29-1
Added Pin To Net: NetName=3V3 Pin=C30-1
Added Pin To Net: NetName=3V3 Pin=C31-1
Added Pin To Net: NetName=3V3 Pin=C33-2
Added Pin To Net: NetName=3V3 Pin=D11-1
Added Pin To Net: NetName=3V3 Pin=L1-2
Added Pin To Net: NetName=3V3 Pin=R2-1
Added Pin To Net: NetName=3V3 Pin=R4-1
Added Pin To Net: NetName=3V3 Pin=R13-1
Added Pin To Net: NetName=3V3 Pin=R14-1
Added Pin To Net: NetName=3V3 Pin=R15-1
Added Pin To Net: NetName=3V3 Pin=R22-1
Added Pin To Net: NetName=3V3 Pin=R23-1
Added Pin To Net: NetName=3V3 Pin=R29-1
Added Pin To Net: NetName=3V3 Pin=R36-1
Added Pin To Net: NetName=3V3 Pin=U1-1
Added Pin To Net: NetName=3V3 Pin=U1-13
Added Pin To Net: NetName=3V3 Pin=U1-19
Added Pin To Net: NetName=3V3 Pin=U1-32
Added Pin To Net: NetName=3V3 Pin=U1-48
Added Pin To Net: NetName=3V3 Pin=U1-64
Added Pin To Net: NetName=3V3 Pin=U3-5
Added Pin To Net: NetName=3V3 Pin=U4-5
Added Net: Name=3V3
Added Pin To Net: NetName=5V Pin=C26-1
Added Pin To Net: NetName=5V Pin=C27-1
Added Pin To Net: NetName=5V Pin=C28-1
Added Pin To Net: NetName=5V Pin=C32-2
Added Pin To Net: NetName=5V Pin=CN1-1
Added Pin To Net: NetName=5V Pin=CN2-1
Added Pin To Net: NetName=5V Pin=CN3-1
Added Pin To Net: NetName=5V Pin=CN4-1
Added Pin To Net: NetName=5V Pin=CN5-1
Added Pin To Net: NetName=5V Pin=D1-2
Added Pin To Net: NetName=5V Pin=D11-2
Added Pin To Net: NetName=5V Pin=D22-2
Added Pin To Net: NetName=5V Pin=R28-1
Added Pin To Net: NetName=5V Pin=R35-1
Added Pin To Net: NetName=5V Pin=U3-1
Added Pin To Net: NetName=5V Pin=U4-3
Added Net: Name=5V
Added Pin To Net: NetName=7V4_IN Pin=P1-1
Added Pin To Net: NetName=7V4_IN Pin=S2-1
Added Net: Name=7V4_IN
Added Pin To Net: NetName=7V4 Pin=C21-1
Added Pin To Net: NetName=7V4 Pin=C22-1
Added Pin To Net: NetName=7V4 Pin=C23-1
Added Pin To Net: NetName=7V4 Pin=C24-1
Added Pin To Net: NetName=7V4 Pin=C25-1
Added Pin To Net: NetName=7V4 Pin=E1-1
Added Pin To Net: NetName=7V4 Pin=R10-2
Added Pin To Net: NetName=7V4 Pin=R34-1
Added Pin To Net: NetName=7V4 Pin=U2-5
Added Net: Name=7V4
Added Pin To Net: NetName=BOOT0 Pin=R4-2
Added Pin To Net: NetName=BOOT0 Pin=R5-2
Added Pin To Net: NetName=BOOT0 Pin=U1-60
Added Net: Name=BOOT0
Added Pin To Net: NetName=BOOT1 Pin=R6-2
Added Pin To Net: NetName=BOOT1 Pin=U1-28
Added Net: Name=BOOT1
Added Pin To Net: NetName=CAN_H Pin=C35-1
Added Pin To Net: NetName=CAN_H Pin=CN6-1
Added Pin To Net: NetName=CAN_H Pin=D19-2
Added Pin To Net: NetName=CAN_H Pin=R31-2
Added Pin To Net: NetName=CAN_H Pin=U4-7
Added Net: Name=CAN_H
Added Pin To Net: NetName=CAN_L Pin=C34-1
Added Pin To Net: NetName=CAN_L Pin=CN6-2
Added Pin To Net: NetName=CAN_L Pin=D18-2
Added Pin To Net: NetName=CAN_L Pin=R31-1
Added Pin To Net: NetName=CAN_L Pin=U4-6
Added Net: Name=CAN_L
Added Pin To Net: NetName=CAN_RX Pin=U1-44
Added Pin To Net: NetName=CAN_RX Pin=U4-4
Added Net: Name=CAN_RX
Added Pin To Net: NetName=CAN_TX Pin=U1-45
Added Pin To Net: NetName=CAN_TX Pin=U4-1
Added Net: Name=CAN_TX
Added Pin To Net: NetName=GND Pin=C1-1
Added Pin To Net: NetName=GND Pin=C2-1
Added Pin To Net: NetName=GND Pin=C3-1
Added Pin To Net: NetName=GND Pin=C4-1
Added Pin To Net: NetName=GND Pin=C5-2
Added Pin To Net: NetName=GND Pin=C6-2
Added Pin To Net: NetName=GND Pin=C7-2
Added Pin To Net: NetName=GND Pin=C8-2
Added Pin To Net: NetName=GND Pin=C9-2
Added Pin To Net: NetName=GND Pin=C10-2
Added Pin To Net: NetName=GND Pin=C11-2
Added Pin To Net: NetName=GND Pin=C13-2
Added Pin To Net: NetName=GND Pin=C14-2
Added Pin To Net: NetName=GND Pin=C15-2
Added Pin To Net: NetName=GND Pin=C16-2
Added Pin To Net: NetName=GND Pin=C17-2
Added Pin To Net: NetName=GND Pin=C19-2
Added Pin To Net: NetName=GND Pin=C20-2
Added Pin To Net: NetName=GND Pin=C21-2
Added Pin To Net: NetName=GND Pin=C22-2
Added Pin To Net: NetName=GND Pin=C23-2
Added Pin To Net: NetName=GND Pin=C24-2
Added Pin To Net: NetName=GND Pin=C25-2
Added Pin To Net: NetName=GND Pin=C26-2
Added Pin To Net: NetName=GND Pin=C27-2
Added Pin To Net: NetName=GND Pin=C28-2
Added Pin To Net: NetName=GND Pin=C29-2
Added Pin To Net: NetName=GND Pin=C30-2
Added Pin To Net: NetName=GND Pin=C31-2
Added Pin To Net: NetName=GND Pin=C32-1
Added Pin To Net: NetName=GND Pin=C33-1
Added Pin To Net: NetName=GND Pin=C34-2
Added Pin To Net: NetName=GND Pin=C35-2
Added Pin To Net: NetName=GND Pin=CN1-2
Added Pin To Net: NetName=GND Pin=CN1-5
Added Pin To Net: NetName=GND Pin=CN1-6
Added Pin To Net: NetName=GND Pin=CN2-2
Added Pin To Net: NetName=GND Pin=CN2-5
Added Pin To Net: NetName=GND Pin=CN2-6
Added Pin To Net: NetName=GND Pin=CN3-2
Added Pin To Net: NetName=GND Pin=CN3-5
Added Pin To Net: NetName=GND Pin=CN3-6
Added Pin To Net: NetName=GND Pin=CN4-2
Added Pin To Net: NetName=GND Pin=CN4-5
Added Pin To Net: NetName=GND Pin=CN4-6
Added Pin To Net: NetName=GND Pin=CN5-2
Added Pin To Net: NetName=GND Pin=CN5-5
Added Pin To Net: NetName=GND Pin=CN5-6
Added Pin To Net: NetName=GND Pin=CN6-3
Added Pin To Net: NetName=GND Pin=CN6-4
Added Pin To Net: NetName=GND Pin=D5-1
Added Pin To Net: NetName=GND Pin=D6-1
Added Pin To Net: NetName=GND Pin=D7-1
Added Pin To Net: NetName=GND Pin=D8-1
Added Pin To Net: NetName=GND Pin=D9-1
Added Pin To Net: NetName=GND Pin=D10-1
Added Pin To Net: NetName=GND Pin=D14-1
Added Pin To Net: NetName=GND Pin=D15-1
Added Pin To Net: NetName=GND Pin=D16-1
Added Pin To Net: NetName=GND Pin=D17-1
Added Pin To Net: NetName=GND Pin=D18-1
Added Pin To Net: NetName=GND Pin=D19-1
Added Pin To Net: NetName=GND Pin=D20-1
Added Pin To Net: NetName=GND Pin=D21-1
Added Pin To Net: NetName=GND Pin=D23-2
Added Pin To Net: NetName=GND Pin=D24-2
Added Pin To Net: NetName=GND Pin=D25-2
Added Pin To Net: NetName=GND Pin=E1-2
Added Pin To Net: NetName=GND Pin=P2-1
Added Pin To Net: NetName=GND Pin=R5-1
Added Pin To Net: NetName=GND Pin=R6-1
Added Pin To Net: NetName=GND Pin=R7-1
Added Pin To Net: NetName=GND Pin=R9-1
Added Pin To Net: NetName=GND Pin=R11-2
Added Pin To Net: NetName=GND Pin=R12-2
Added Pin To Net: NetName=GND Pin=R33-2
Added Pin To Net: NetName=GND Pin=S1-3
Added Pin To Net: NetName=GND Pin=S1-4
Added Pin To Net: NetName=GND Pin=U1-12
Added Pin To Net: NetName=GND Pin=U1-18
Added Pin To Net: NetName=GND Pin=U1-31
Added Pin To Net: NetName=GND Pin=U1-47
Added Pin To Net: NetName=GND Pin=U1-63
Added Pin To Net: NetName=GND Pin=U2-3
Added Pin To Net: NetName=GND Pin=U2-4
Added Pin To Net: NetName=GND Pin=U3-2
Added Pin To Net: NetName=GND Pin=U4-2
Added Pin To Net: NetName=GND Pin=U4-8
Added Pin To Net: NetName=GND Pin=X1-2
Added Net: Name=GND
Added Pin To Net: NetName=NetC2_2 Pin=C2-2
Added Pin To Net: NetName=NetC2_2 Pin=L1-1
Added Pin To Net: NetName=NetC2_2 Pin=R1-2
Added Pin To Net: NetName=NetC2_2 Pin=X1-4
Added Net: Name=NetC2_2
Added Pin To Net: NetName=NetC12_1 Pin=C12-1
Added Pin To Net: NetName=NetC12_1 Pin=C13-1
Added Pin To Net: NetName=NetC12_1 Pin=C14-1
Added Pin To Net: NetName=NetC12_1 Pin=C15-1
Added Pin To Net: NetName=NetC12_1 Pin=C16-1
Added Pin To Net: NetName=NetC12_1 Pin=C17-1
Added Pin To Net: NetName=NetC12_1 Pin=D1-1
Added Pin To Net: NetName=NetC12_1 Pin=R8-2
Added Net: Name=NetC12_1
Added Pin To Net: NetName=NetC12_2 Pin=C12-2
Added Pin To Net: NetName=NetC12_2 Pin=R7-2
Added Pin To Net: NetName=NetC12_2 Pin=R8-1
Added Pin To Net: NetName=NetC12_2 Pin=U2-1
Added Net: Name=NetC12_2
Added Pin To Net: NetName=NetC18_1 Pin=C18-1
Added Pin To Net: NetName=NetC18_1 Pin=U2-6
Added Net: Name=NetC18_1
Added Pin To Net: NetName=NetC18_2 Pin=C18-2
Added Pin To Net: NetName=NetC18_2 Pin=U2-7
Added Net: Name=NetC18_2
Added Pin To Net: NetName=NetC19_1 Pin=C19-1
Added Pin To Net: NetName=NetC19_1 Pin=C20-1
Added Pin To Net: NetName=NetC19_1 Pin=S2-2
Added Net: Name=NetC19_1
Added Pin To Net: NetName=NetCN1_3 Pin=CN1-3
Added Pin To Net: NetName=NetCN1_3 Pin=D5-2
Added Pin To Net: NetName=NetCN1_3 Pin=R16-1
Added Net: Name=NetCN1_3
Added Pin To Net: NetName=NetCN1_4 Pin=CN1-4
Added Pin To Net: NetName=NetCN1_4 Pin=D2-2
Added Net: Name=NetCN1_4
Added Pin To Net: NetName=NetCN2_3 Pin=CN2-3
Added Pin To Net: NetName=NetCN2_3 Pin=D7-2
Added Pin To Net: NetName=NetCN2_3 Pin=R17-1
Added Net: Name=NetCN2_3
Added Pin To Net: NetName=NetCN2_4 Pin=CN2-4
Added Pin To Net: NetName=NetCN2_4 Pin=D3-2
Added Net: Name=NetCN2_4
Added Pin To Net: NetName=NetCN3_3 Pin=CN3-3
Added Pin To Net: NetName=NetCN3_3 Pin=D9-2
Added Pin To Net: NetName=NetCN3_3 Pin=R18-1
Added Net: Name=NetCN3_3
Added Pin To Net: NetName=NetCN3_4 Pin=CN3-4
Added Pin To Net: NetName=NetCN3_4 Pin=D4-2
Added Net: Name=NetCN3_4
Added Pin To Net: NetName=NetCN4_3 Pin=CN4-3
Added Pin To Net: NetName=NetCN4_3 Pin=D14-2
Added Pin To Net: NetName=NetCN4_3 Pin=R24-1
Added Net: Name=NetCN4_3
Added Pin To Net: NetName=NetCN4_4 Pin=CN4-4
Added Pin To Net: NetName=NetCN4_4 Pin=D12-2
Added Net: Name=NetCN4_4
Added Pin To Net: NetName=NetCN5_3 Pin=CN5-3
Added Pin To Net: NetName=NetCN5_3 Pin=D16-2
Added Pin To Net: NetName=NetCN5_3 Pin=R25-1
Added Net: Name=NetCN5_3
Added Pin To Net: NetName=NetCN5_4 Pin=CN5-4
Added Pin To Net: NetName=NetCN5_4 Pin=D13-2
Added Net: Name=NetCN5_4
Added Pin To Net: NetName=NetCN7_1 Pin=D20-2
Added Pin To Net: NetName=NetCN7_1 Pin=R29-2
Added Pin To Net: NetName=NetCN7_1 Pin=R30-1
Added Net: Name=NetCN7_1
Added Pin To Net: NetName=NetCN7_2 Pin=D21-2
Added Pin To Net: NetName=NetCN7_2 Pin=R32-1
Added Pin To Net: NetName=NetCN7_2 Pin=R33-1
Added Net: Name=NetCN7_2
Added Pin To Net: NetName=NetCN7_4 Pin=D22-1
Added Net: Name=NetCN7_4
Added Pin To Net: NetName=NetD2_1 Pin=D2-1
Added Pin To Net: NetName=NetD2_1 Pin=D6-2
Added Pin To Net: NetName=NetD2_1 Pin=R13-2
Added Pin To Net: NetName=NetD2_1 Pin=R19-1
Added Net: Name=NetD2_1
Added Pin To Net: NetName=NetD3_1 Pin=D3-1
Added Pin To Net: NetName=NetD3_1 Pin=D8-2
Added Pin To Net: NetName=NetD3_1 Pin=R14-2
Added Pin To Net: NetName=NetD3_1 Pin=R20-1
Added Net: Name=NetD3_1
Added Pin To Net: NetName=NetD4_1 Pin=D4-1
Added Pin To Net: NetName=NetD4_1 Pin=D10-2
Added Pin To Net: NetName=NetD4_1 Pin=R15-2
Added Pin To Net: NetName=NetD4_1 Pin=R21-1
Added Net: Name=NetD4_1
Added Pin To Net: NetName=NetD12_1 Pin=D12-1
Added Pin To Net: NetName=NetD12_1 Pin=D15-2
Added Pin To Net: NetName=NetD12_1 Pin=R22-2
Added Pin To Net: NetName=NetD12_1 Pin=R26-1
Added Net: Name=NetD12_1
Added Pin To Net: NetName=NetD13_1 Pin=D13-1
Added Pin To Net: NetName=NetD13_1 Pin=D17-2
Added Pin To Net: NetName=NetD13_1 Pin=R23-2
Added Pin To Net: NetName=NetD13_1 Pin=R27-1
Added Net: Name=NetD13_1
Added Pin To Net: NetName=NetD23_1 Pin=D23-1
Added Pin To Net: NetName=NetD23_1 Pin=R34-2
Added Net: Name=NetD23_1
Added Pin To Net: NetName=NetD24_1 Pin=D24-1
Added Pin To Net: NetName=NetD24_1 Pin=R35-2
Added Net: Name=NetD24_1
Added Pin To Net: NetName=NetD25_1 Pin=D25-1
Added Pin To Net: NetName=NetD25_1 Pin=R36-2
Added Net: Name=NetD25_1
Added Pin To Net: NetName=NetQ1_1 Pin=R11-1
Added Net: Name=NetQ1_1
Added Pin To Net: NetName=NetR1_1 Pin=R1-1
Added Pin To Net: NetName=NetR1_1 Pin=X1-1
Added Net: Name=NetR1_1
Added Pin To Net: NetName=NetR3_1 Pin=R3-1
Added Pin To Net: NetName=NetR3_1 Pin=X1-3
Added Net: Name=NetR3_1
Added Pin To Net: NetName=NetR9_2 Pin=R9-2
Added Pin To Net: NetName=NetR9_2 Pin=R10-1
Added Pin To Net: NetName=NetR9_2 Pin=U2-8
Added Net: Name=NetR9_2
Added Pin To Net: NetName=NetR12_1 Pin=R12-1
Added Pin To Net: NetName=NetR12_1 Pin=U2-2
Added Net: Name=NetR12_1
Added Pin To Net: NetName=NetR28_2 Pin=R28-2
Added Pin To Net: NetName=NetR28_2 Pin=U3-3
Added Net: Name=NetR28_2
Added Pin To Net: NetName=NRST Pin=C4-2
Added Pin To Net: NetName=NRST Pin=R2-2
Added Pin To Net: NetName=NRST Pin=S1-1
Added Pin To Net: NetName=NRST Pin=S1-2
Added Pin To Net: NetName=NRST Pin=U1-7
Added Net: Name=NRST
Added Pin To Net: NetName=OSC_12M Pin=R3-2
Added Pin To Net: NetName=OSC_12M Pin=U1-5
Added Net: Name=OSC_12M
Added Pin To Net: NetName=SWCLK Pin=R32-2
Added Pin To Net: NetName=SWCLK Pin=U1-49
Added Net: Name=SWCLK
Added Pin To Net: NetName=SWDIO Pin=R30-2
Added Pin To Net: NetName=SWDIO Pin=U1-46
Added Net: Name=SWDIO
Added Pin To Net: NetName=UART4_RX Pin=R26-2
Added Pin To Net: NetName=UART4_RX Pin=U1-52
Added Net: Name=UART4_RX
Added Pin To Net: NetName=UART4_TX Pin=R24-2
Added Pin To Net: NetName=UART4_TX Pin=U1-51
Added Net: Name=UART4_TX
Added Pin To Net: NetName=UART5_RX Pin=R27-2
Added Pin To Net: NetName=UART5_RX Pin=U1-54
Added Net: Name=UART5_RX
Added Pin To Net: NetName=UART5_TX Pin=R25-2
Added Pin To Net: NetName=UART5_TX Pin=U1-53
Added Net: Name=UART5_TX
Added Pin To Net: NetName=USART1_RX Pin=R19-2
Added Pin To Net: NetName=USART1_RX Pin=U1-43
Added Net: Name=USART1_RX
Added Pin To Net: NetName=USART1_TX Pin=R16-2
Added Pin To Net: NetName=USART1_TX Pin=U1-42
Added Net: Name=USART1_TX
Added Pin To Net: NetName=USART2_RX Pin=R20-2
Added Pin To Net: NetName=USART2_RX Pin=U1-17
Added Net: Name=USART2_RX
Added Pin To Net: NetName=USART2_TX Pin=R17-2
Added Pin To Net: NetName=USART2_TX Pin=U1-16
Added Net: Name=USART2_TX
Added Pin To Net: NetName=USART3_RX Pin=R21-2
Added Pin To Net: NetName=USART3_RX Pin=U1-30
Added Net: Name=USART3_RX
Added Pin To Net: NetName=USART3_TX Pin=R18-2
Added Pin To Net: NetName=USART3_TX Pin=U1-29
Added Net: Name=USART3_TX
Added Class: Name=Sheet1
Added Room: Name=Sheet1
